linear_random_d-1000_N-1e5:
    Stream_SGD_8d3da59a_0,zsbgy029,/home/gs/SNA/wandb/offline-run-20260603_074211-zsbgy029/files
    Stream_SGD_Avg_db4bb7da_0,tnj66j7m,/home/gs/SNA/wandb/offline-run-20260603_074210-tnj66j7m/files
    Stream_mSNA_7b6a97c2_0,o5zhlehe,/home/gs/SNA/wandb/offline-run-20260603_074205-o5zhlehe/files
    Stream_mSNA_Avg_a770517c_0,893d1x9x,/home/gs/SNA/wandb/offline-run-20260603_074150-893d1x9x/files
    Stream_mSNA_Avg_ell-0_25_576c1585_0,vk3hgdjj,/home/gs/SNA/wandb/offline-run-20260603_074139-vk3hgdjj/files
    Stream_mSNA_Avg_ell-0_5_f9f7e108_0,criy7gr6,/home/gs/SNA/wandb/offline-run-20260603_074145-criy7gr6/files
    Stream_mSNA_ell-0_25_00c3f946_0,ergp31h0,/home/gs/SNA/wandb/offline-run-20260603_074155-ergp31h0/files
    Stream_mSNA_ell-0_5_0e00f625_0,vtu2gc28,/home/gs/SNA/wandb/offline-run-20260603_074200-vtu2gc28/files
logistic_random_d-1000_N-1e5:
    Stream_SGD_d0964701_0,gqhs8wjn,/home/gs/SNA/wandb/offline-run-20251021_090118-gqhs8wjn/files
    Stream_SGD_Avg_b127942f_0,nceskzc3,/home/gs/SNA/wandb/offline-run-20251021_090133-nceskzc3/files
    Stream_mSNA_fd6e3cc6_0,tq5tdnw9,/home/gs/SNA/wandb/offline-run-20251021_090148-tq5tdnw9/files
    Stream_mSNA_Avg_b161497d_0,4zpayge3,/home/gs/SNA/wandb/offline-run-20251021_090206-4zpayge3/files
    Stream_mSNA_Avg_ell-0_25_fdd754e4_0,l9rfwi0x,/home/gs/SNA/wandb/offline-run-20251021_090226-l9rfwi0x/files
    Stream_mSNA_Avg_ell-0_5_ed27f535_0,awx9i3vq,/home/gs/SNA/wandb/offline-run-20251021_090244-awx9i3vq/files
    Stream_mSNA_ell-0_25_330a35c8_0,opfpspwh,/home/gs/SNA/wandb/offline-run-20251021_090304-opfpspwh/files
    Stream_mSNA_ell-0_5_863b4da9_0,mi5gfwog,/home/gs/SNA/wandb/offline-run-20251021_090323-mi5gfwog/files
linear_random_d-1000_N-1e7:
    Stream_mSNA_c4a5f3f3_0,6c525vkf,/home/gs/SNA/wandb/offline-run-20251021_091821-6c525vkf/files
    Stream_mSNA_Avg_9e942467_0,4rx71fqt,/home/gs/SNA/wandb/offline-run-20251021_092543-4rx71fqt/files
    Stream_mSNA_Avg_ell-0_25_fd9f085c_0,s2z0i49o,/home/gs/SNA/wandb/offline-run-20251021_093304-s2z0i49o/files
    Stream_mSNA_Avg_ell-0_5_33574632_0,oxh6e6gy,/home/gs/SNA/wandb/offline-run-20251021_094030-oxh6e6gy/files
    Stream_mSNA_ell-0_25_7346846d_0,fm4ieu9i,/home/gs/SNA/wandb/offline-run-20251021_094808-fm4ieu9i/files
    Stream_mSNA_ell-0_5_307ab63c_0,o1s8wc3q,/home/gs/SNA/wandb/offline-run-20251021_095531-o1s8wc3q/files
    Stream_SGD_35251e20_0,5f9kgw0i,/home/gs/SNA/wandb/offline-run-20251021_180203-5f9kgw0i/files
    Stream_SGD_Avg_e466cdfe_0,xqc1m28a,/home/gs/SNA/wandb/offline-run-20251021_180043-xqc1m28a/files
    warmup_0fd1bd01_0,prs4veel,/home/gs/SNA/wandb/offline-run-20251021_175920-prs4veel/files
logistic_random_d-1000_N-1e7:
    Stream_SGD_cb595942_0,h4gtytac,/home/gs/SNA/wandb/offline-run-20251021_180626-h4gtytac/files
    Stream_SGD_Avg_2ffa2f35_0,9a721c8m,/home/gs/SNA/wandb/offline-run-20251021_180454-9a721c8m/files
    Stream_mSNA_f93b984a_0,ugvuwajj,/home/gs/SNA/wandb/offline-run-20251021_100610-ugvuwajj/files
    Stream_mSNA_Avg_2e833318_0,4um8wegl,/home/gs/SNA/wandb/offline-run-20251021_101345-4um8wegl/files
    Stream_mSNA_Avg_ell-0_25_90cb5466_0,mh9mrwyf,/home/gs/SNA/wandb/offline-run-20251021_102121-mh9mrwyf/files
    Stream_mSNA_Avg_ell-0_5_4a71e1a0_0,koojg7no,/home/gs/SNA/wandb/offline-run-20251021_102904-koojg7no/files
    Stream_mSNA_ell-0_25_54daa0b2_0,2nz0xsoo,/home/gs/SNA/wandb/offline-run-20251021_103645-2nz0xsoo/files
    Stream_mSNA_ell-0_5_0577a59c_0,2y6rp5uh,/home/gs/SNA/wandb/offline-run-20251021_104433-2y6rp5uh/files
    warmup_18f08730_0,m1xxugsg,/home/gs/SNA/wandb/offline-run-20251021_180323-m1xxugsg/files
